../Stm32_F103C6_Drivers/STM32_EXTI_Driver.c:36:6:EXTI_Init	16	static
../Stm32_F103C6_Drivers/STM32_EXTI_Driver.c:48:6:EXTI_DeInit	4	static
../Stm32_F103C6_Drivers/STM32_EXTI_Driver.c:72:6:EXTI_Update	24	static
../Stm32_F103C6_Drivers/STM32_EXTI_Driver.c:141:6:Enable_NVIC	16	static
../Stm32_F103C6_Drivers/STM32_EXTI_Driver.c:190:6:Disable_NVIC	16	static
../Stm32_F103C6_Drivers/STM32_EXTI_Driver.c:233:6:EXTI0_IRQHandler	8	static
../Stm32_F103C6_Drivers/STM32_EXTI_Driver.c:243:6:EXTI1_IRQHandler	8	static
../Stm32_F103C6_Drivers/STM32_EXTI_Driver.c:252:6:EXTI2_IRQHandler	8	static
../Stm32_F103C6_Drivers/STM32_EXTI_Driver.c:261:6:EXTI3_IRQHandler	8	static
../Stm32_F103C6_Drivers/STM32_EXTI_Driver.c:270:6:EXTI4_IRQHandler	8	static
../Stm32_F103C6_Drivers/STM32_EXTI_Driver.c:279:6:EXTI9_5_IRQHandler	8	static
../Stm32_F103C6_Drivers/STM32_EXTI_Driver.c:287:6:EXTI15_10_IRQHandler	8	static
