../Stm32_F103C6_Drivers/STM32_LCD_Driver/lcd.c:21:6:LCD_GPIO_init	8	static
../Stm32_F103C6_Drivers/STM32_LCD_Driver/lcd.c:94:6:LCD_INIT	8	static
../Stm32_F103C6_Drivers/STM32_LCD_Driver/lcd.c:115:6:LCD_clear_screen	8	static
../Stm32_F103C6_Drivers/STM32_LCD_Driver/lcd.c:124:6:LCD_WRITE_COMMAND	16	static
../Stm32_F103C6_Drivers/STM32_LCD_Driver/lcd.c:149:6:LCD_WRITE_CHAR	16	static
../Stm32_F103C6_Drivers/STM32_LCD_Driver/lcd.c:177:6:LCD_WRITE_STRING	24	static
../Stm32_F103C6_Drivers/STM32_LCD_Driver/lcd.c:206:6:LCDisbusy	8	static
../Stm32_F103C6_Drivers/STM32_LCD_Driver/lcd.c:235:6:LCD_GOTO_XY	16	static
../Stm32_F103C6_Drivers/STM32_LCD_Driver/lcd.c:252:6:LCD_ENABLE_SIGNAL	8	static
../Stm32_F103C6_Drivers/STM32_LCD_Driver/lcd.c:258:6:_delay_ms	24	static
