Archive member included to satisfy reference by file (symbol)

C:/ST/STM32CubeIDE_1.16.0/STM32CubeIDE/plugins/com.st.stm32cube.ide.mcu.externaltools.gnu-tools-for-stm32.12.3.rel1.win32_1.0.200.202406191623/tools/bin/../lib/gcc/arm-none-eabi/12.3.1/../../../../arm-none-eabi/lib/thumb/v7-m/nofp\libc_nano.a(libc_a-exit.o)
                              C:/ST/STM32CubeIDE_1.16.0/STM32CubeIDE/plugins/com.st.stm32cube.ide.mcu.externaltools.gnu-tools-for-stm32.12.3.rel1.win32_1.0.200.202406191623/tools/bin/../lib/gcc/arm-none-eabi/12.3.1/../../../../arm-none-eabi/lib/thumb/v7-m/nofp/crt0.o (exit)
C:/ST/STM32CubeIDE_1.16.0/STM32CubeIDE/plugins/com.st.stm32cube.ide.mcu.externaltools.gnu-tools-for-stm32.12.3.rel1.win32_1.0.200.202406191623/tools/bin/../lib/gcc/arm-none-eabi/12.3.1/../../../../arm-none-eabi/lib/thumb/v7-m/nofp\libc_nano.a(libc_a-findfp.o)
                              C:/ST/STM32CubeIDE_1.16.0/STM32CubeIDE/plugins/com.st.stm32cube.ide.mcu.externaltools.gnu-tools-for-stm32.12.3.rel1.win32_1.0.200.202406191623/tools/bin/../lib/gcc/arm-none-eabi/12.3.1/../../../../arm-none-eabi/lib/thumb/v7-m/nofp\libc_nano.a(libc_a-exit.o) (__stdio_exit_handler)
C:/ST/STM32CubeIDE_1.16.0/STM32CubeIDE/plugins/com.st.stm32cube.ide.mcu.externaltools.gnu-tools-for-stm32.12.3.rel1.win32_1.0.200.202406191623/tools/bin/../lib/gcc/arm-none-eabi/12.3.1/../../../../arm-none-eabi/lib/thumb/v7-m/nofp\libc_nano.a(libc_a-fwalk.o)
                              C:/ST/STM32CubeIDE_1.16.0/STM32CubeIDE/plugins/com.st.stm32cube.ide.mcu.externaltools.gnu-tools-for-stm32.12.3.rel1.win32_1.0.200.202406191623/tools/bin/../lib/gcc/arm-none-eabi/12.3.1/../../../../arm-none-eabi/lib/thumb/v7-m/nofp\libc_nano.a(libc_a-findfp.o) (_fwalk_sglue)
C:/ST/STM32CubeIDE_1.16.0/STM32CubeIDE/plugins/com.st.stm32cube.ide.mcu.externaltools.gnu-tools-for-stm32.12.3.rel1.win32_1.0.200.202406191623/tools/bin/../lib/gcc/arm-none-eabi/12.3.1/../../../../arm-none-eabi/lib/thumb/v7-m/nofp\libc_nano.a(libc_a-stdio.o)
                              C:/ST/STM32CubeIDE_1.16.0/STM32CubeIDE/plugins/com.st.stm32cube.ide.mcu.externaltools.gnu-tools-for-stm32.12.3.rel1.win32_1.0.200.202406191623/tools/bin/../lib/gcc/arm-none-eabi/12.3.1/../../../../arm-none-eabi/lib/thumb/v7-m/nofp\libc_nano.a(libc_a-findfp.o) (__sread)
C:/ST/STM32CubeIDE_1.16.0/STM32CubeIDE/plugins/com.st.stm32cube.ide.mcu.externaltools.gnu-tools-for-stm32.12.3.rel1.win32_1.0.200.202406191623/tools/bin/../lib/gcc/arm-none-eabi/12.3.1/../../../../arm-none-eabi/lib/thumb/v7-m/nofp\libc_nano.a(libc_a-memset.o)
                              C:/ST/STM32CubeIDE_1.16.0/STM32CubeIDE/plugins/com.st.stm32cube.ide.mcu.externaltools.gnu-tools-for-stm32.12.3.rel1.win32_1.0.200.202406191623/tools/bin/../lib/gcc/arm-none-eabi/12.3.1/../../../../arm-none-eabi/lib/thumb/v7-m/nofp/crt0.o (memset)
C:/ST/STM32CubeIDE_1.16.0/STM32CubeIDE/plugins/com.st.stm32cube.ide.mcu.externaltools.gnu-tools-for-stm32.12.3.rel1.win32_1.0.200.202406191623/tools/bin/../lib/gcc/arm-none-eabi/12.3.1/../../../../arm-none-eabi/lib/thumb/v7-m/nofp\libc_nano.a(libc_a-closer.o)
                              C:/ST/STM32CubeIDE_1.16.0/STM32CubeIDE/plugins/com.st.stm32cube.ide.mcu.externaltools.gnu-tools-for-stm32.12.3.rel1.win32_1.0.200.202406191623/tools/bin/../lib/gcc/arm-none-eabi/12.3.1/../../../../arm-none-eabi/lib/thumb/v7-m/nofp\libc_nano.a(libc_a-stdio.o) (_close_r)
C:/ST/STM32CubeIDE_1.16.0/STM32CubeIDE/plugins/com.st.stm32cube.ide.mcu.externaltools.gnu-tools-for-stm32.12.3.rel1.win32_1.0.200.202406191623/tools/bin/../lib/gcc/arm-none-eabi/12.3.1/../../../../arm-none-eabi/lib/thumb/v7-m/nofp\libc_nano.a(libc_a-reent.o)
                              C:/ST/STM32CubeIDE_1.16.0/STM32CubeIDE/plugins/com.st.stm32cube.ide.mcu.externaltools.gnu-tools-for-stm32.12.3.rel1.win32_1.0.200.202406191623/tools/bin/../lib/gcc/arm-none-eabi/12.3.1/../../../../arm-none-eabi/lib/thumb/v7-m/nofp\libc_nano.a(libc_a-closer.o) (errno)
C:/ST/STM32CubeIDE_1.16.0/STM32CubeIDE/plugins/com.st.stm32cube.ide.mcu.externaltools.gnu-tools-for-stm32.12.3.rel1.win32_1.0.200.202406191623/tools/bin/../lib/gcc/arm-none-eabi/12.3.1/../../../../arm-none-eabi/lib/thumb/v7-m/nofp\libc_nano.a(libc_a-impure.o)
                              C:/ST/STM32CubeIDE_1.16.0/STM32CubeIDE/plugins/com.st.stm32cube.ide.mcu.externaltools.gnu-tools-for-stm32.12.3.rel1.win32_1.0.200.202406191623/tools/bin/../lib/gcc/arm-none-eabi/12.3.1/../../../../arm-none-eabi/lib/thumb/v7-m/nofp\libc_nano.a(libc_a-reent.o) (_impure_ptr)
C:/ST/STM32CubeIDE_1.16.0/STM32CubeIDE/plugins/com.st.stm32cube.ide.mcu.externaltools.gnu-tools-for-stm32.12.3.rel1.win32_1.0.200.202406191623/tools/bin/../lib/gcc/arm-none-eabi/12.3.1/../../../../arm-none-eabi/lib/thumb/v7-m/nofp\libc_nano.a(libc_a-lseekr.o)
[...]
Memory Configuration

Name             Origin             Length             Attributes
RAM              0x20000000         0x00002800         xrw
FLASH            0x08000000         0x00008000         xr
*default*        0x00000000         0xffffffff

Linker script and memory map

LOAD C:/ST/STM32CubeIDE_1.16.0/STM32CubeIDE/plugins/com.st.stm32cube.ide.mcu.externaltools.gnu-tools-for-stm32.12.3.rel1.win32_1.0.200.202406191623/tools/bin/../lib/gcc/arm-none-eabi/12.3.1/thumb/v7-m/nofp/crti.o
LOAD C:/ST/STM32CubeIDE_1.16.0/STM32CubeIDE/plugins/com.st.stm32cube.ide.mcu.externaltools.gnu-tools-for-stm32.12.3.rel1.win32_1.0.200.202406191623/tools/bin/../lib/gcc/arm-none-eabi/12.3.1/thumb/v7-m/nofp/crtbegin.o
LOAD C:/ST/STM32CubeIDE_1.16.0/STM32CubeIDE/plugins/com.st.stm32cube.ide.mcu.externaltools.gnu-tools-for-stm32.12.3.rel1.win32_1.0.200.202406191623/tools/bin/../lib/gcc/arm-none-eabi/12.3.1/../../../../arm-none-eabi/lib/thumb/v7-m/nofp/crt0.o
LOAD ./HAL/keypad.o
LOAD ./HAL/lcd.o
LOAD ./Src/main.o
LOAD ./Src/syscalls.o
LOAD ./Src/sysmem.o
LOAD ./Startup/startup_stm32f103c6tx.o
LOAD ./Stm32_F103C6_Drivers/STM32_EXTI_Driver.o
LOAD ./Stm32_F103C6_Drivers/STM32_GPIO_Driver.o
START GROUP
LOAD C:/ST/STM32CubeIDE_1.16.0/STM32CubeIDE/plugins/com.st.stm32cube.ide.mcu.externaltools.gnu-tools-for-stm32.12.3.rel1.win32_1.0.200.202406191623/tools/bin/../lib/gcc/arm-none-eabi/12.3.1/../../../../arm-none-eabi/lib/thumb/v7-m/nofp\libc_nano.a
LOAD C:/ST/STM32CubeIDE_1.16.0/STM32CubeIDE/plugins/com.st.stm32cube.ide.mcu.externaltools.gnu-tools-for-stm32.12.3.rel1.win32_1.0.200.202406191623/tools/bin/../lib/gcc/arm-none-eabi/12.3.1/../../../../arm-none-eabi/lib/thumb/v7-m/nofp\libm.a
END GROUP
START GROUP
LOAD C:/ST/STM32CubeIDE_1.16.0/STM32CubeIDE/plugins/com.st.stm32cube.ide.mcu.externaltools.gnu-tools-for-stm32.12.3.rel1.win32_1.0.200.202406191623/tools/bin/../lib/gcc/arm-none-eabi/12.3.1/thumb/v7-m/nofp\libgcc.a
LOAD C:/ST/STM32CubeIDE_1.16.0/STM32CubeIDE/plugins/com.st.stm32cube.ide.mcu.externaltools.gnu-tools-for-stm32.12.3.rel1.win32_1.0.200.202406191623/tools/bin/../lib/gcc/arm-none-eabi/12.3.1/../../../../arm-none-eabi/lib/thumb/v7-m/nofp\libg_nano.a
LOAD C:/ST/STM32CubeIDE_1.16.0/STM32CubeIDE/plugins/com.st.stm32cube.ide.mcu.externaltools.gnu-tools-for-stm32.12.3.rel1.win32_1.0.200.202406191623/tools/bin/../lib/gcc/arm-none-eabi/12.3.1/../../../../arm-none-eabi/lib/thumb/v7-m/nofp\libc_nano.a
END GROUP
START GROUP
LOAD C:/ST/STM32CubeIDE_1.16.0/STM32CubeIDE/plugins/com.st.stm32cube.ide.mcu.externaltools.gnu-tools-for-stm32.12.3.rel1.win32_1.0.200.202406191623/tools/bin/../lib/gcc/arm-none-eabi/12.3.1/thumb/v7-m/nofp\libgcc.a
LOAD C:/ST/STM32CubeIDE_1.16.0/STM32CubeIDE/plugins/com.st.stm32cube.ide.mcu.externaltools.gnu-tools-for-stm32.12.3.rel1.win32_1.0.200.202406191623/tools/bin/../lib/gcc/arm-none-eabi/12.3.1/../../../../arm-none-eabi/lib/thumb/v7-m/nofp\libc_nano.a
LOAD C:/ST/STM32CubeIDE_1.16.0/STM32CubeIDE/plugins/com.st.stm32cube.ide.mcu.externaltools.gnu-tools-for-stm32.12.3.rel1.win32_1.0.200.202406191623/tools/bin/../lib/gcc/arm-none-eabi/12.3.1/../../../../arm-none-eabi/lib/thumb/v7-m/nofp\libnosys.a
END GROUP
START GROUP
LOAD C:/ST/STM32CubeIDE_1.16.0/STM32CubeIDE/plugins/com.st.stm32cube.ide.mcu.externaltools.gnu-tools-for-stm32.12.3.rel1.win32_1.0.200.202406191623/tools/bin/../lib/gcc/arm-none-eabi/12.3.1/thumb/v7-m/nofp\libgcc.a
LOAD C:/ST/STM32CubeIDE_1.16.0/STM32CubeIDE/plugins/com.st.stm32cube.ide.mcu.externaltools.gnu-tools-for-stm32.12.3.rel1.win32_1.0.200.202406191623/tools/bin/../lib/gcc/arm-none-eabi/12.3.1/../../../../arm-none-eabi/lib/thumb/v7-m/nofp\libc_nano.a
LOAD C:/ST/STM32CubeIDE_1.16.0/STM32CubeIDE/plugins/com.st.stm32cube.ide.mcu.externaltools.gnu-tools-for-stm32.12.3.rel1.win32_1.0.200.202406191623/tools/bin/../lib/gcc/arm-none-eabi/12.3.1/../../../../arm-none-eabi/lib/thumb/v7-m/nofp\libnosys.a
END GROUP
LOAD C:/ST/STM32CubeIDE_1.16.0/STM32CubeIDE/plugins/com.st.stm32cube.ide.mcu.externaltools.gnu-tools-for-stm32.12.3.rel1.win32_1.0.200.202406191623/tools/bin/../lib/gcc/arm-none-eabi/12.3.1/thumb/v7-m/nofp/crtend.o
LOAD C:/ST/STM32CubeIDE_1.16.0/STM32CubeIDE/plugins/com.st.stm32cube.ide.mcu.externaltools.gnu-tools-for-stm32.12.3.rel1.win32_1.0.200.202406191623/tools/bin/../lib/gcc/arm-none-eabi/12.3.1/thumb/v7-m/nofp/crtn.o
                0x20002800                        _estack = (ORIGIN (RAM) + LENGTH (RAM))
                0x00000200                        _Min_Heap_Size = 0x200
                0x00000400                        _Min_Stack_Size = 0x400

.isr_vector     0x08000000      0x130
                0x08000000                        . = ALIGN (0x4)
 *(.isr_vector)
 .isr_vector    0x08000000      0x130 ./Startup/startup_stm32f103c6tx.o
                0x08000000                g_pfnVectors
                0x08000130                        . = ALIGN (0x4)

.text           0x08000130      0xf38
                0x08000130                        . = ALIGN (0x4)
 *(.text)
 .text          0x08000130       0x40 C:/ST/STM32CubeIDE_1.16.0/STM32CubeIDE/plugins/com.st.stm32cube.ide.mcu.externaltools.gnu-tools-for-stm32.12.3.rel1.win32_1.0.200.202406191623/tools/bin/../lib/gcc/arm-none-eabi/12.3.1/thumb/v7-m/nofp/crtbegin.o
 *(.text*)
 .text.LCD_GPIO_init
                0x08000170      0x158 ./HAL/lcd.o
                0x08000170                LCD_GPIO_init
 .text.LCD_INIT
                0x080002c8       0x54 ./HAL/lcd.o
                0x080002c8                LCD_INIT
 .text.LCD_clear_screen
                0x0800031c        0xe ./HAL/lcd.o
                0x0800031c                LCD_clear_screen
 *fill*         0x0800032a        0x2 
 .text.LCD_WRITE_COMMAND
                0x0800032c       0xe4 ./HAL/lcd.o
                0x0800032c                LCD_WRITE_COMMAND
 .text.LCD_WRITE_CHAR
                0x08000410       0xe4 ./HAL/lcd.o
                0x08000410                LCD_WRITE_CHAR
 .text.LCD_WRITE_STRING
                0x080004f4       0x5a ./HAL/lcd.o
                0x080004f4                LCD_WRITE_STRING
 *fill*         0x0800054e        0x2 
 .text.LCDisbusy
                0x08000550       0x7c ./HAL/lcd.o
                0x08000550                LCDisbusy
 .text.LCD_GOTO_XY
                0x080005cc       0x4a ./HAL/lcd.o
                0x080005cc                LCD_GOTO_XY
 *fill*         0x08000616        0x2 
 .text.LCD_ENABLE_SIGNAL
                0x08000618       0x2c ./HAL/lcd.o
 .text._delay_ms
                0x08000644       0x3a ./HAL/lcd.o
 *fill*         0x0800067e        0x2 
 .text.Clock_Init
                0x08000680       0x34 ./Src/main.o
                0x08000680                Clock_Init
 .text._delay_ms
                0x080006b4       0x3a ./Src/main.o
                0x080006b4                _delay_ms
 *fill*         0x080006ee        0x2 
 .text.main     0x080006f0       0x5c ./Src/main.o
                0x080006f0                main
 .text.EXTI9_callback
                0x0800074c       0x24 ./Src/main.o
                0x0800074c                EXTI9_callback
 .text.Reset_Handler
                0x08000770       0x50 ./Startup/startup_stm32f103c6tx.o
                0x08000770                Reset_Handler
 .text.Default_Handler
                0x080007c0        0x2 ./Startup/startup_stm32f103c6tx.o
                0x080007c0                TIM8_TRG_COM_IRQHandler
                0x080007c0                TIM8_CC_IRQHandler
                0x080007c0                DebugMon_Handler
                0x080007c0                TIM1_CC_IRQHandler
                0x080007c0                HardFault_Handler
                0x080007c0                TIM6_IRQHandler
                0x080007c0                SysTick_Handler
                0x080007c0                PVD_IRQHandler
                0x080007c0                SDIO_IRQHandler
                0x080007c0                PendSV_Handler
                0x080007c0                NMI_Handler
                0x080007c0                USB_HP_CAN_TX_IRQHandler
                0x080007c0                I2C2_EV_IRQHandler
                0x080007c0                UsageFault_Handler
                0x080007c0                ADC1_2_IRQHandler
                0x080007c0                SPI1_IRQHandler
                0x080007c0                CAN_SCE_IRQHandler
                0x080007c0                TAMPER_IRQHandler
                0x080007c0                TIM8_UP_IRQHandler
                0x080007c0                DMA2_Channel2_IRQHandler
                0x080007c0                DMA1_Channel4_IRQHandler
                0x080007c0                USART3_IRQHandler
                0x080007c0                RTC_IRQHandler
                0x080007c0                DMA1_Channel7_IRQHandler
                0x080007c0                UART5_IRQHandler
                0x080007c0                ADC3_IRQHandler
                0x080007c0                TIM4_IRQHandler
                0x080007c0                CAN_RX1_IRQHandler
                0x080007c0                DMA2_Channel1_IRQHandler
                0x080007c0                I2C1_EV_IRQHandler
                0x080007c0                DMA1_Channel6_IRQHandler
                0x080007c0                UART4_IRQHandler
                0x080007c0                TIM3_IRQHandler
                0x080007c0                RCC_IRQHandler
                0x080007c0                TIM1_TRG_COM_IRQHandler
                0x080007c0                DMA1_Channel1_IRQHandler
                0x080007c0                Default_Handler
                0x080007c0                TIM7_IRQHandler
                0x080007c0                TIM5_IRQHandler
                0x080007c0                SPI2_IRQHandler
                0x080007c0                USB_LP_CAN_RX0_IRQHandler
                0x080007c0                MemManage_Handler
                0x080007c0                SVC_Handler
                0x080007c0                DMA1_Channel5_IRQHandler
                0x080007c0                DMA1_Channel3_IRQHandler
                0x080007c0                FSMC_IRQHandler
                0x080007c0                TIM1_UP_IRQHandler
                0x080007c0                WWDG_IRQHandler
                0x080007c0                TIM2_IRQHandler
                0x080007c0                TIM1_BRK_IRQHandler
                0x080007c0                RTCAlarm_IRQHandler
                0x080007c0                DMA2_Channel4_5_IRQHandler
                0x080007c0                USART2_IRQHandler
                0x080007c0                I2C2_ER_IRQHandler
                0x080007c0                DMA1_Channel2_IRQHandler
                0x080007c0                TIM8_BRK_IRQHandler
                0x080007c0                FLASH_IRQHandler
                0x080007c0                BusFault_Handler
                0x080007c0                USART1_IRQHandler
                0x080007c0                SPI3_IRQHandler
                0x080007c0                I2C1_ER_IRQHandler
                0x080007c0                DMA2_Channel3_IRQHandler
 .text.EXTI_Init
                0x080007c2       0x16 ./Stm32_F103C6_Drivers/STM32_EXTI_Driver.o
                0x080007c2                EXTI_Init
 .text.EXTI_Update
                0x080007d8      0x1e0 ./Stm32_F103C6_Drivers/STM32_EXTI_Driver.o
                0x080007d8                EXTI_Update
 .text.Enable_NVIC
                0x080009b8       0xcc ./Stm32_F103C6_Drivers/STM32_EXTI_Driver.o
 .text.Disable_NVIC
                0x08000a84       0xcc ./Stm32_F103C6_Drivers/STM32_EXTI_Driver.o
 .text.EXTI0_IRQHandler
                0x08000b50       0x24 ./Stm32_F103C6_Drivers/STM32_EXTI_Driver.o
                0x08000b50                EXTI0_IRQHandler
 .text.EXTI1_IRQHandler
                0x08000b74       0x24 ./Stm32_F103C6_Drivers/STM32_EXTI_Driver.o
                0x08000b74                EXTI1_IRQHandler
 .text.EXTI2_IRQHandler
                0x08000b98       0x24 ./Stm32_F103C6_Drivers/STM32_EXTI_Driver.o
                0x08000b98                EXTI2_IRQHandler
 .text.EXTI3_IRQHandler
                0x08000bbc       0x24 ./Stm32_F103C6_Drivers/STM32_EXTI_Driver.o
                0x08000bbc                EXTI3_IRQHandler
 .text.EXTI4_IRQHandler
                0x08000be0       0x24 ./Stm32_F103C6_Drivers/STM32_EXTI_Driver.o
                0x08000be0                EXTI4_IRQHandler
 .text.EXTI9_5_IRQHandler
                0x08000c04       0xa8 ./Stm32_F103C6_Drivers/STM32_EXTI_Driver.o
                0x08000c04                EXTI9_5_IRQHandler
 .text.EXTI15_10_IRQHandler
                0x08000cac       0xc4 ./Stm32_F103C6_Drivers/STM32_EXTI_Driver.o
                0x08000cac                EXTI15_10_IRQHandler
 .text.Get_PinPostion
                0x08000d70      0x144 ./Stm32_F103C6_Drivers/STM32_GPIO_Driver.o
                0x08000d70                Get_PinPostion
 .text.GPIO_Init
                0x08000eb4       0xfe ./Stm32_F103C6_Drivers/STM32_GPIO_Driver.o
                0x08000eb4                GPIO_Init
 .text.GPIO_READ_Pin
                0x08000fb2       0x28 ./Stm32_F103C6_Drivers/STM32_GPIO_Driver.o
                0x08000fb2                GPIO_READ_Pin
 .text.GPIO_WRITE_Pin
                0x08000fda       0x2e ./Stm32_F103C6_Drivers/STM32_GPIO_Driver.o
                0x08000fda                GPIO_WRITE_Pin
 .text.__libc_init_array
                0x08001008       0x48 C:/ST/STM32CubeIDE_1.16.0/STM32CubeIDE/plugins/com.st.stm32cube.ide.mcu.externaltools.gnu-tools-for-stm32.12.3.rel1.win32_1.0.200.202406191623/tools/bin/../lib/gcc/arm-none-eabi/12.3.1/../../../../arm-none-eabi/lib/thumb/v7-m/nofp\libc_nano.a(libc_a-init.o)
                0x08001008                __libc_init_array
 *(.glue_7)
 .glue_7        0x08001050        0x0 linker stubs
 *(.glue_7t)
 .glue_7t       0x08001050        0x0 linker stubs
 *(.eh_frame)
 .eh_frame      0x08001050        0x0 C:/ST/STM32CubeIDE_1.16.0/STM32CubeIDE/plugins/com.st.stm32cube.ide.mcu.externaltools.gnu-tools-for-stm32.12.3.rel1.win32_1.0.200.202406191623/tools/bin/../lib/gcc/arm-none-eabi/12.3.1/thumb/v7-m/nofp/crtbegin.o
 *(.init)
 .init          0x08001050        0x4 C:/ST/STM32CubeIDE_1.16.0/STM32CubeIDE/plugins/com.st.stm32cube.ide.mcu.externaltools.gnu-tools-for-stm32.12.3.rel1.win32_1.0.200.202406191623/tools/bin/../lib/gcc/arm-none-eabi/12.3.1/thumb/v7-m/nofp/crti.o
                0x08001050                _init
 .init          0x08001054        0x8 C:/ST/STM32CubeIDE_1.16.0/STM32CubeIDE/plugins/com.st.stm32cube.ide.mcu.externaltools.gnu-tools-for-stm32.12.3.rel1.win32_1.0.200.202406191623/tools/bin/../lib/gcc/arm-none-eabi/12.3.1/thumb/v7-m/nofp/crtn.o
 *(.fini)
 .fini          0x0800105c        0x4 C:/ST/STM32CubeIDE_1.16.0/STM32CubeIDE/plugins/com.st.stm32cube.ide.mcu.externaltools.gnu-tools-for-stm32.12.3.rel1.win32_1.0.200.202406191623/tools/bin/../lib/gcc/arm-none-eabi/12.3.1/thumb/v7-m/nofp/crti.o
                0x0800105c                _fini
 .fini          0x08001060        0x8 C:/ST/STM32CubeIDE_1.16.0/STM32CubeIDE/plugins/com.st.stm32cube.ide.mcu.externaltools.gnu-tools-for-stm32.12.3.rel1.win32_1.0.200.202406191623/tools/bin/../lib/gcc/arm-none-eabi/12.3.1/thumb/v7-m/nofp/crtn.o
                0x08001068                        . = ALIGN (0x4)
                0x08001068                        _etext = .

.vfp11_veneer   0x08001068        0x0
 .vfp11_veneer  0x08001068        0x0 linker stubs

.v4_bx          0x08001068        0x0
 .v4_bx         0x08001068        0x0 linker stubs

.iplt           0x08001068        0x0
 .iplt          0x08001068        0x0 C:/ST/STM32CubeIDE_1.16.0/STM32CubeIDE/plugins/com.st.stm32cube.ide.mcu.externaltools.gnu-tools-for-stm32.12.3.rel1.win32_1.0.200.202406191623/tools/bin/../lib/gcc/arm-none-eabi/12.3.1/thumb/v7-m/nofp/crtbegin.o

.rodata         0x08001068       0x28
                0x08001068                        . = ALIGN (0x4)
 *(.rodata)
 .rodata        0x08001068       0x26 ./Src/main.o
 *(.rodata*)
                0x08001090                        . = ALIGN (0x4)
 *fill*         0x0800108e        0x2 

.ARM.extab      0x08001090        0x0
                0x08001090                        . = ALIGN (0x4)
 *(.ARM.extab* .gnu.linkonce.armextab.*)
                0x08001090                        . = ALIGN (0x4)

.ARM            0x08001090        0x0
                0x08001090                        . = ALIGN (0x4)
                0x08001090                        __exidx_start = .
 *(.ARM.exidx*)
                0x08001090                        __exidx_end = .
                0x08001090                        . = ALIGN (0x4)

.preinit_array  0x08001090        0x0
                0x08001090                        . = ALIGN (0x4)
                0x08001090                        PROVIDE (__preinit_array_start = .)
 *(.preinit_array*)
                0x08001090                        PROVIDE (__preinit_array_end = .)
                0x08001090                        . = ALIGN (0x4)

.init_array     0x08001090        0x4
                0x08001090                        . = ALIGN (0x4)
                0x08001090                        PROVIDE (__init_array_start = .)
 *(SORT_BY_NAME(.init_array.*))
 *(.init_array*)
 .init_array    0x08001090        0x4 C:/ST/STM32CubeIDE_1.16.0/STM32CubeIDE/plugins/com.st.stm32cube.ide.mcu.externaltools.gnu-tools-for-stm32.12.3.rel1.win32_1.0.200.202406191623/tools/bin/../lib/gcc/arm-none-eabi/12.3.1/thumb/v7-m/nofp/crtbegin.o
                0x08001094                        PROVIDE (__init_array_end = .)
                0x08001094                        . = ALIGN (0x4)

.fini_array     0x08001094        0x4
                0x08001094                        . = ALIGN (0x4)
                [!provide]                        PROVIDE (__fini_array_start = .)
 *(SORT_BY_NAME(.fini_array.*))
 *(.fini_array*)
 .fini_array    0x08001094        0x4 C:/ST/STM32CubeIDE_1.16.0/STM32CubeIDE/plugins/com.st.stm32cube.ide.mcu.externaltools.gnu-tools-for-stm32.12.3.rel1.win32_1.0.200.202406191623/tools/bin/../lib/gcc/arm-none-eabi/12.3.1/thumb/v7-m/nofp/crtbegin.o
                [!provide]                        PROVIDE (__fini_array_end = .)
                0x08001098                        . = ALIGN (0x4)
                0x08001098                        _sidata = LOADADDR (.data)

.rel.dyn        0x08001098        0x0
 .rel.iplt      0x08001098        0x0 C:/ST/STM32CubeIDE_1.16.0/STM32CubeIDE/plugins/com.st.stm32cube.ide.mcu.externaltools.gnu-tools-for-stm32.12.3.rel1.win32_1.0.200.202406191623/tools/bin/../lib/gcc/arm-none-eabi/12.3.1/thumb/v7-m/nofp/crtbegin.o

.data           0x20000000        0x0 load address 0x08001098
                0x20000000                        . = ALIGN (0x4)
                0x20000000                        _sdata = .
 *(.data)
 *(.data*)
 *(.RamFunc)
 *(.RamFunc*)
                0x20000000                        . = ALIGN (0x4)
                0x20000000                        _edata = .

.igot.plt       0x20000000        0x0 load address 0x08001098
 .igot.plt      0x20000000        0x0 C:/ST/STM32CubeIDE_1.16.0/STM32CubeIDE/plugins/com.st.stm32cube.ide.mcu.externaltools.gnu-tools-for-stm32.12.3.rel1.win32_1.0.200.202406191623/tools/bin/../lib/gcc/arm-none-eabi/12.3.1/thumb/v7-m/nofp/crtbegin.o
                0x20000000                        . = ALIGN (0x4)

.bss            0x20000000       0x64 load address 0x08001098
                0x20000000                        _sbss = .
                0x20000000                        __bss_start__ = _sbss
 *(.bss)
 .bss           0x20000000       0x1c C:/ST/STM32CubeIDE_1.16.0/STM32CubeIDE/plugins/com.st.stm32cube.ide.mcu.externaltools.gnu-tools-for-stm32.12.3.rel1.win32_1.0.200.202406191623/tools/bin/../lib/gcc/arm-none-eabi/12.3.1/thumb/v7-m/nofp/crtbegin.o
 *(.bss*)
 .bss.LCD       0x2000001c        0x6 ./HAL/lcd.o
                0x2000001c                LCD
 *fill*         0x20000022        0x2 
 .bss.IRQ_FLAG  0x20000024        0x4 ./Src/main.o
                0x20000024                IRQ_FLAG
 .bss.call_back
                0x20000028       0x3c ./Stm32_F103C6_Drivers/STM32_EXTI_Driver.o
                0x20000028                call_back
 *(COMMON)
                0x20000064                        . = ALIGN (0x4)
                0x20000064                        _ebss = .
                0x20000064                        __bss_end__ = _ebss

._user_heap_stack
                0x20000064      0x604 load address 0x08001098
                0x20000068                        . = ALIGN (0x8)
 *fill*         0x20000064        0x4 
                [!provide]                        PROVIDE (end = .)
                0x20000068                        PROVIDE (_end = .)
                0x20000268                        . = (. + _Min_Heap_Size)
 *fill*         0x20000068      0x200 
                0x20000668                        . = (. + _Min_Stack_Size)
 *fill*         0x20000268      0x400 
                0x20000668                        . = ALIGN (0x8)

/DISCARD/
 libc.a(*)
 libm.a(*)
 libgcc.a(*)

.ARM.attributes
                0x00000000       0x29
 *(.ARM.attributes)
 .ARM.attributes
                0x00000000       0x1d C:/ST/STM32CubeIDE_1.16.0/STM32CubeIDE/plugins/com.st.stm32cube.ide.mcu.externaltools.gnu-tools-for-stm32.12.3.rel1.win32_1.0.200.202406191623/tools/bin/../lib/gcc/arm-none-eabi/12.3.1/thumb/v7-m/nofp/crti.o
 .ARM.attributes
                0x0000001d       0x2d C:/ST/STM32CubeIDE_1.16.0/STM32CubeIDE/plugins/com.st.stm32cube.ide.mcu.externaltools.gnu-tools-for-stm32.12.3.rel1.win32_1.0.200.202406191623/tools/bin/../lib/gcc/arm-none-eabi/12.3.1/thumb/v7-m/nofp/crtbegin.o
 .ARM.attributes
                0x0000004a       0x2d ./HAL/lcd.o
 .ARM.attributes
                0x00000077       0x2d ./Src/main.o
 .ARM.attributes
                0x000000a4       0x21 ./Startup/startup_stm32f103c6tx.o
 .ARM.attributes
                0x000000c5       0x2d ./Stm32_F103C6_Drivers/STM32_EXTI_Driver.o
 .ARM.attributes
                0x000000f2       0x2d ./Stm32_F103C6_Drivers/STM32_GPIO_Driver.o
 .ARM.attributes
                0x0000011f       0x2d C:/ST/STM32CubeIDE_1.16.0/STM32CubeIDE/plugins/com.st.stm32cube.ide.mcu.externaltools.gnu-tools-for-stm32.12.3.rel1.win32_1.0.200.202406191623/tools/bin/../lib/gcc/arm-none-eabi/12.3.1/../../../../arm-none-eabi/lib/thumb/v7-m/nofp\libc_nano.a(libc_a-init.o)
 .ARM.attributes
                0x0000014c       0x1d C:/ST/STM32CubeIDE_1.16.0/STM32CubeIDE/plugins/com.st.stm32cube.ide.mcu.externaltools.gnu-tools-for-stm32.12.3.rel1.win32_1.0.200.202406191623/tools/bin/../lib/gcc/arm-none-eabi/12.3.1/thumb/v7-m/nofp/crtn.o
OUTPUT(Drivers.elf elf32-littlearm)
LOAD linker stubs
LOAD C:/ST/STM32CubeIDE_1.16.0/STM32CubeIDE/plugins/com.st.stm32cube.ide.mcu.externaltools.gnu-tools-for-stm32.12.3.rel1.win32_1.0.200.202406191623/tools/bin/../lib/gcc/arm-none-eabi/12.3.1/../../../../arm-none-eabi/lib/thumb/v7-m/nofp\libc.a
LOAD C:/ST/STM32CubeIDE_1.16.0/STM32CubeIDE/plugins/com.st.stm32cube.ide.mcu.externaltools.gnu-tools-for-stm32.12.3.rel1.win32_1.0.200.202406191623/tools/bin/../lib/gcc/arm-none-eabi/12.3.1/../../../../arm-none-eabi/lib/thumb/v7-m/nofp\libm.a
LOAD C:/ST/STM32CubeIDE_1.16.0/STM32CubeIDE/plugins/com.st.stm32cube.ide.mcu.externaltools.gnu-tools-for-stm32.12.3.rel1.win32_1.0.200.202406191623/tools/bin/../lib/gcc/arm-none-eabi/12.3.1/thumb/v7-m/nofp\libgcc.a

.debug_info     0x00000000     0x1138
 .debug_info    0x00000000      0x391 ./HAL/lcd.o
 .debug_info    0x00000391      0x3d3 ./Src/main.o
 .debug_info    0x00000764       0x30 ./Startup/startup_stm32f103c6tx.o
 .debug_info    0x00000794      0x500 ./Stm32_F103C6_Drivers/STM32_EXTI_Driver.o
 .debug_info    0x00000c94      0x4a4 ./Stm32_F103C6_Drivers/STM32_GPIO_Driver.o

.debug_abbrev   0x00000000      0x5e5
 .debug_abbrev  0x00000000      0x182 ./HAL/lcd.o
 .debug_abbrev  0x00000182      0x16c ./Src/main.o
 .debug_abbrev  0x000002ee       0x1d ./Startup/startup_stm32f103c6tx.o
 .debug_abbrev  0x0000030b      0x187 ./Stm32_F103C6_Drivers/STM32_EXTI_Driver.o
 .debug_abbrev  0x00000492      0x153 ./Stm32_F103C6_Drivers/STM32_GPIO_Driver.o

.debug_loc      0x00000000      0x97c
 .debug_loc     0x00000000      0x278 ./HAL/lcd.o
 .debug_loc     0x00000278      0x104 ./Src/main.o
 .debug_loc     0x0000037c      0x2d0 ./Stm32_F103C6_Drivers/STM32_EXTI_Driver.o
 .debug_loc     0x0000064c      0x330 ./Stm32_F103C6_Drivers/STM32_GPIO_Driver.o

.debug_aranges  0x00000000      0x1a0
 .debug_aranges
                0x00000000       0x68 ./HAL/lcd.o
 .debug_aranges
                0x00000068       0x38 ./Src/main.o
 .debug_aranges
                0x000000a0       0x28 ./Startup/startup_stm32f103c6tx.o
 .debug_aranges
                0x000000c8       0x78 ./Stm32_F103C6_Drivers/STM32_EXTI_Driver.o
 .debug_aranges
                0x00000140       0x60 ./Stm32_F103C6_Drivers/STM32_GPIO_Driver.o

.debug_ranges   0x00000000      0x158
 .debug_ranges  0x00000000       0x58 ./HAL/lcd.o
 .debug_ranges  0x00000058       0x28 ./Src/main.o
 .debug_ranges  0x00000080       0x20 ./Startup/startup_stm32f103c6tx.o
 .debug_ranges  0x000000a0       0x68 ./Stm32_F103C6_Drivers/STM32_EXTI_Driver.o
 .debug_ranges  0x00000108       0x50 ./Stm32_F103C6_Drivers/STM32_GPIO_Driver.o

.debug_macro    0x00000000      0xbb6
 .debug_macro   0x00000000      0x16b ./HAL/lcd.o
 .debug_macro   0x0000016b       0xbe ./HAL/lcd.o
 .debug_macro   0x00000229      0x187 ./Src/main.o
 .debug_macro   0x000003b0       0x8e ./Src/main.o
 .debug_macro   0x0000043e       0x51 ./Src/main.o
 .debug_macro   0x0000048f       0x61 ./Src/main.o
 .debug_macro   0x000004f0      0x21f ./Src/main.o
 .debug_macro   0x0000070f       0xc4 ./Src/main.o
 .debug_macro   0x000007d3       0x40 ./Src/main.o
 .debug_macro   0x00000813      0x16f ./Stm32_F103C6_Drivers/STM32_EXTI_Driver.o
 .debug_macro   0x00000982       0xdc ./Stm32_F103C6_Drivers/STM32_EXTI_Driver.o
 .debug_macro   0x00000a5e      0x158 ./Stm32_F103C6_Drivers/STM32_GPIO_Driver.o

.debug_line     0x00000000     0x220c
 .debug_line    0x00000000      0x887 ./HAL/lcd.o
 .debug_line    0x00000887      0x6f2 ./Src/main.o
 .debug_line    0x00000f79       0x84 ./Startup/startup_stm32f103c6tx.o
 .debug_line    0x00000ffd      0x9ba ./Stm32_F103C6_Drivers/STM32_EXTI_Driver.o
 .debug_line    0x000019b7      0x855 ./Stm32_F103C6_Drivers/STM32_GPIO_Driver.o

.debug_str      0x00000000     0x9c55
 .debug_str     0x00000000     0x8696 ./HAL/lcd.o
                               0x8892 (size before relaxing)
 .debug_str     0x00008696     0x12f4 ./Src/main.o
                               0x9aa0 (size before relaxing)
 .debug_str     0x0000998a       0x3f ./Startup/startup_stm32f103c6tx.o
                                 0x82 (size before relaxing)
 .debug_str     0x000099c9      0x1cd ./Stm32_F103C6_Drivers/STM32_EXTI_Driver.o
                               0x97fa (size before relaxing)
 .debug_str     0x00009b96       0xbf ./Stm32_F103C6_Drivers/STM32_GPIO_Driver.o
                               0x858b (size before relaxing)

.comment        0x00000000       0x43
 .comment       0x00000000       0x43 ./HAL/lcd.o
                                 0x44 (size before relaxing)
 .comment       0x00000043       0x44 ./Src/main.o
 .comment       0x00000043       0x44 ./Stm32_F103C6_Drivers/STM32_EXTI_Driver.o
 .comment       0x00000043       0x44 ./Stm32_F103C6_Drivers/STM32_GPIO_Driver.o

.debug_frame    0x00000000      0x518
 .debug_frame   0x00000000      0x154 ./HAL/lcd.o
 .debug_frame   0x00000154       0x94 ./Src/main.o
 .debug_frame   0x000001e8      0x18c ./Stm32_F103C6_Drivers/STM32_EXTI_Driver.o
 .debug_frame   0x00000374      0x178 ./Stm32_F103C6_Drivers/STM32_GPIO_Driver.o
 .debug_frame   0x000004ec       0x2c C:/ST/STM32CubeIDE_1.16.0/STM32CubeIDE/plugins/com.st.stm32cube.ide.mcu.externaltools.gnu-tools-for-stm32.12.3.rel1.win32_1.0.200.202406191623/tools/bin/../lib/gcc/arm-none-eabi/12.3.1/../../../../arm-none-eabi/lib/thumb/v7-m/nofp\libc_nano.a(libc_a-init.o)
