
Memory Configuration

Name             Origin             Length             Attributes
Mem              0x00000000         0x04000000         xrw
*default*        0x00000000         0xffffffff

Linker script and memory map

                0x00010000                . = 0x10000

.startup        0x00010000       0x10
 startup.o(.text)
 .text          0x00010000       0x10 startup.o
                0x00010000                reset

.text           0x00010010       0xd4
 *(.text)
 .text          0x00010010       0x20 app.o
                0x00010010                main
 .text          0x00010030       0x50 uart.o
                0x00010030                Uart_Send_String
 *(.rodata)
 .rodata        0x00010080       0x64 app.o
                0x00010080                String_Buffer_C

.glue_7         0x000100e4        0x0
 .glue_7        0x00000000        0x0 linker stubs

.glue_7t        0x000100e4        0x0
 .glue_7t       0x00000000        0x0 linker stubs

.vfp11_veneer   0x000100e4        0x0
 .vfp11_veneer  0x00000000        0x0 linker stubs

.v4_bx          0x000100e4        0x0
 .v4_bx         0x00000000        0x0 linker stubs

.iplt           0x000100e4        0x0
 .iplt          0x00000000        0x0 startup.o

.rel.dyn        0x000100e4        0x0
 .rel.iplt      0x00000000        0x0 startup.o

.data           0x000100e4       0x64
 *(.data)
 .data          0x000100e4        0x0 startup.o
 .data          0x000100e4       0x64 app.o
                0x000100e4                String_Buffer
 .data          0x00010148        0x0 uart.o

.igot.plt       0x00010148        0x0
 .igot.plt      0x00000000        0x0 startup.o

.bss            0x00010148        0x0
 *(.bss)
 .bss           0x00010148        0x0 startup.o
 .bss           0x00010148        0x0 app.o
 .bss           0x00010148        0x0 uart.o
 *(COMMAN)
                0x00011148                . = (. + 0x1000)
                0x00011148                stack_top = .
LOAD startup.o
LOAD app.o
LOAD uart.o
OUTPUT(learn-in-depth.elf elf32-littlearm)

.ARM.attributes
                0x00000000       0x2e
 .ARM.attributes
                0x00000000       0x22 startup.o
 .ARM.attributes
                0x00000022       0x30 app.o
 .ARM.attributes
                0x00000052       0x30 uart.o

.comment        0x00000000       0x11
 .comment       0x00000000       0x11 app.o
                                 0x12 (size before relaxing)
 .comment       0x00000000       0x12 uart.o

.debug_info     0x00000000       0xc1
 .debug_info    0x00000000       0xc1 uart.o

.debug_abbrev   0x00000000       0x70
 .debug_abbrev  0x00000000       0x70 uart.o

.debug_loc      0x00000000       0x2c
 .debug_loc     0x00000000       0x2c uart.o

.debug_aranges  0x00000000       0x20
 .debug_aranges
                0x00000000       0x20 uart.o

.debug_line     0x00000000       0x51
 .debug_line    0x00000000       0x51 uart.o

.debug_str      0x00000000       0xd0
 .debug_str     0x00000000       0xd0 uart.o
                                 0xe9 (size before relaxing)

.debug_frame    0x00000000       0x28
 .debug_frame   0x00000000       0x28 uart.o
