
Memory Configuration

Name             Origin             Length             Attributes
flash            0x00000000         0x00020000         xr
sram             0x20000000         0x00005000         xrw
*default*        0x00000000         0xffffffff

Linker script and memory map


.text           0x00000000      0x194
 *(.vectors*)
 .vectors       0x00000000        0xc startup.o
                0x00000000                g_p_fn_Vectors
 *(.text*)
 .text          0x0000000c       0xc4 main.o
                0x0000000c                main
 .text          0x000000d0       0xc4 startup.o
                0x000000d0                H_Fault_Handler
                0x000000d0                Default_Handler
                0x000000d0                NMI_Handler
                0x000000dc                Rest_Handler
 *(.rodata)
                0x00000194                _E_TEXT = .

.glue_7         0x00000194        0x0
 .glue_7        0x00000000        0x0 linker stubs

.glue_7t        0x00000194        0x0
 .glue_7t       0x00000000        0x0 linker stubs

.vfp11_veneer   0x00000194        0x0
 .vfp11_veneer  0x00000000        0x0 linker stubs

.v4_bx          0x00000194        0x0
 .v4_bx         0x00000000        0x0 linker stubs

.iplt           0x00000194        0x0
 .iplt          0x00000000        0x0 main.o

.rel.dyn        0x00000194        0x0
 .rel.iplt      0x00000000        0x0 main.o

.data           0x20000000        0x0 load address 0x00000194
                0x20000000                _S_DATA = .
 *(.data)
 .data          0x20000000        0x0 main.o
 .data          0x20000000        0x0 startup.o
                0x20000000                _E_DATA = .

.igot.plt       0x20000000        0x0 load address 0x00000194
 .igot.plt      0x00000000        0x0 main.o

.bss            0x20000000      0x400 load address 0x00000194
                0x20000000                _S_bss = .
 *(.bss*)
 .bss           0x20000000        0x0 main.o
 .bss           0x20000000      0x400 startup.o
                0x20000400                . = ALIGN (0x4)
                0x20000400                _E_bss = .
LOAD main.o
LOAD startup.o
OUTPUT(Lesson4_LAB3_CORTEXM4.elf elf32-littlearm)

.debug_info     0x00000000      0x24c
 .debug_info    0x00000000       0xb3 main.o
 .debug_info    0x000000b3      0x199 startup.o

.debug_abbrev   0x00000000      0x13c
 .debug_abbrev  0x00000000       0x67 main.o
 .debug_abbrev  0x00000067       0xd5 startup.o

.debug_loc      0x00000000       0x9c
 .debug_loc     0x00000000       0x38 main.o
 .debug_loc     0x00000038       0x64 startup.o

.debug_aranges  0x00000000       0x40
 .debug_aranges
                0x00000000       0x20 main.o
 .debug_aranges
                0x00000020       0x20 startup.o

.debug_line     0x00000000       0xf5
 .debug_line    0x00000000       0x79 main.o
 .debug_line    0x00000079       0x7c startup.o

.debug_str      0x00000000      0x190
 .debug_str     0x00000000       0xf5 main.o
                                0x129 (size before relaxing)
 .debug_str     0x000000f5       0x9b startup.o
                                0x187 (size before relaxing)

.comment        0x00000000       0x11
 .comment       0x00000000       0x11 main.o
                                 0x12 (size before relaxing)
 .comment       0x00000000       0x12 startup.o

.ARM.attributes
                0x00000000       0x33
 .ARM.attributes
                0x00000000       0x33 main.o
 .ARM.attributes
                0x00000033       0x33 startup.o

.debug_frame    0x00000000       0x78
 .debug_frame   0x00000000       0x2c main.o
 .debug_frame   0x0000002c       0x4c startup.o
