
Memory Configuration

Name             Origin             Length             Attributes
flash            0x08000000         0x00020000         xr
sram             0x20000000         0x00005000         xrw
*default*        0x00000000         0xffffffff

Linker script and memory map


.text           0x08000000      0x2d8
 *(.vectors*)
 .vectors       0x08000000       0x1c startup.o
                0x08000000                vectors
 *(.text*)
 .text          0x0800001c       0x40 Alarm_Handling.o
                0x0800001c                alarm_handling_func
 .text          0x0800005c      0x10c driver.o
                0x0800005c                Delay
                0x08000080                getPressureVal
                0x08000098                Set_Alarm_actuator
                0x080000e8                GPIO_INITIALIZATION
 .text          0x08000168       0x14 main.o
                0x08000168                main
 .text          0x0800017c       0x2c Pressure_Alarm_Driver.o
                0x0800017c                AlarmON
                0x0800018c                AlarmOFF
                0x0800019c                init_alarm
 .text          0x080001a8       0x40 Pressure_Detection.o
                0x080001a8                current_PressureVal
 .text          0x080001e8       0x2c Pressure_Sensor_Driver.o
                0x080001e8                sensor_reading
                0x08000200                waiting_next_value
 .text          0x08000214       0xc4 startup.o
                0x08000214                H_Fault_Handler
                0x08000214                MM_Fault_Handler
                0x08000214                Bus_Fault
                0x08000214                Default_Handler
                0x08000214                Usage_Fault_Handler
                0x08000214                NMI_Handler
                0x08000220                Rest_Handler
 *(.rodata)
                0x080002d8                _E_TEXT = .

.glue_7         0x080002d8        0x0
 .glue_7        0x00000000        0x0 linker stubs

.glue_7t        0x080002d8        0x0
 .glue_7t       0x00000000        0x0 linker stubs

.vfp11_veneer   0x080002d8        0x0
 .vfp11_veneer  0x00000000        0x0 linker stubs

.v4_bx          0x080002d8        0x0
 .v4_bx         0x00000000        0x0 linker stubs

.iplt           0x080002d8        0x0
 .iplt          0x00000000        0x0 Alarm_Handling.o

.rel.dyn        0x080002d8        0x0
 .rel.iplt      0x00000000        0x0 Alarm_Handling.o

.data           0x20000000        0x0 load address 0x080002d8
                0x20000000                _S_DATA = .
 *(.data)
 .data          0x20000000        0x0 Alarm_Handling.o
 .data          0x20000000        0x0 driver.o
 .data          0x20000000        0x0 main.o
 .data          0x20000000        0x0 Pressure_Alarm_Driver.o
 .data          0x20000000        0x0 Pressure_Detection.o
 .data          0x20000000        0x0 Pressure_Sensor_Driver.o
 .data          0x20000000        0x0 startup.o
                0x20000000                _E_DATA = .

.igot.plt       0x20000000        0x0 load address 0x080002d8
 .igot.plt      0x00000000        0x0 Alarm_Handling.o

.bss            0x20000000     0x1008 load address 0x080002d8
                0x20000000                _S_bss = .
 *(.bss*)
 .bss           0x20000000        0x0 Alarm_Handling.o
 .bss           0x20000000        0x0 driver.o
 .bss           0x20000000        0x0 main.o
 .bss           0x20000000        0x0 Pressure_Alarm_Driver.o
 .bss           0x20000000        0x8 Pressure_Detection.o
                0x20000000                HighPressureDetected
                0x20000004                PressureVal
 .bss           0x20000008        0x0 Pressure_Sensor_Driver.o
 .bss           0x20000008        0x0 startup.o
                0x20000008                . = ALIGN (0x4)
                0x20000008                _E_bss = .
                0x20000008                . = ALIGN (0x4)
                0x20001008                . = (. + 0x1000)
 *fill*         0x20000008     0x1000 
                0x20001008                _stack_top = .
LOAD Alarm_Handling.o
LOAD driver.o
LOAD main.o
LOAD Pressure_Alarm_Driver.o
LOAD Pressure_Detection.o
LOAD Pressure_Sensor_Driver.o
LOAD startup.o
OUTPUT(Proj_1_Final_cortexM3.elf elf32-littlearm)

.debug_info     0x00000000      0x5f0
 .debug_info    0x00000000       0x9c Alarm_Handling.o
 .debug_info    0x0000009c      0x103 driver.o
 .debug_info    0x0000019f       0x93 main.o
 .debug_info    0x00000232       0xb9 Pressure_Alarm_Driver.o
 .debug_info    0x000002eb       0xee Pressure_Detection.o
 .debug_info    0x000003d9       0xb1 Pressure_Sensor_Driver.o
 .debug_info    0x0000048a      0x166 startup.o

.debug_abbrev   0x00000000      0x300
 .debug_abbrev  0x00000000       0x51 Alarm_Handling.o
 .debug_abbrev  0x00000051       0x9d driver.o
 .debug_abbrev  0x000000ee       0x42 main.o
 .debug_abbrev  0x00000130       0x40 Pressure_Alarm_Driver.o
 .debug_abbrev  0x00000170       0x7d Pressure_Detection.o
 .debug_abbrev  0x000001ed       0x51 Pressure_Sensor_Driver.o
 .debug_abbrev  0x0000023e       0xc2 startup.o

.debug_loc      0x00000000      0x28c
 .debug_loc     0x00000000       0x2c Alarm_Handling.o
 .debug_loc     0x0000002c       0xc8 driver.o
 .debug_loc     0x000000f4       0x2c main.o
 .debug_loc     0x00000120       0x84 Pressure_Alarm_Driver.o
 .debug_loc     0x000001a4       0x2c Pressure_Detection.o
 .debug_loc     0x000001d0       0x58 Pressure_Sensor_Driver.o
 .debug_loc     0x00000228       0x64 startup.o

.debug_aranges  0x00000000       0xe0
 .debug_aranges
                0x00000000       0x20 Alarm_Handling.o
 .debug_aranges
                0x00000020       0x20 driver.o
 .debug_aranges
                0x00000040       0x20 main.o
 .debug_aranges
                0x00000060       0x20 Pressure_Alarm_Driver.o
 .debug_aranges
                0x00000080       0x20 Pressure_Detection.o
 .debug_aranges
                0x000000a0       0x20 Pressure_Sensor_Driver.o
 .debug_aranges
                0x000000c0       0x20 startup.o

.debug_line     0x00000000      0x2ad
 .debug_line    0x00000000       0x5e Alarm_Handling.o
 .debug_line    0x0000005e       0x99 driver.o
 .debug_line    0x000000f7       0x40 main.o
 .debug_line    0x00000137       0x4d Pressure_Alarm_Driver.o
 .debug_line    0x00000184       0x49 Pressure_Detection.o
 .debug_line    0x000001cd       0x64 Pressure_Sensor_Driver.o
 .debug_line    0x00000231       0x7c startup.o

.debug_str      0x00000000      0x28a
 .debug_str     0x00000000      0x103 Alarm_Handling.o
                                0x13c (size before relaxing)
 .debug_str     0x00000103       0x55 driver.o
                                0x157 (size before relaxing)
 .debug_str     0x00000158        0xc main.o
                                0x10e (size before relaxing)
 .debug_str     0x00000164       0x34 Pressure_Alarm_Driver.o
                                0x136 (size before relaxing)
 .debug_str     0x00000198       0x29 Pressure_Detection.o
                                0x160 (size before relaxing)
 .debug_str     0x000001c1       0x3b Pressure_Sensor_Driver.o
                                0x149 (size before relaxing)
 .debug_str     0x000001fc       0x8e startup.o
                                0x170 (size before relaxing)

.comment        0x00000000       0x11
 .comment       0x00000000       0x11 Alarm_Handling.o
                                 0x12 (size before relaxing)
 .comment       0x00000000       0x12 driver.o
 .comment       0x00000000       0x12 main.o
 .comment       0x00000000       0x12 Pressure_Alarm_Driver.o
 .comment       0x00000000       0x12 Pressure_Detection.o
 .comment       0x00000000       0x12 Pressure_Sensor_Driver.o
 .comment       0x00000000       0x12 startup.o

.ARM.attributes
                0x00000000       0x33
 .ARM.attributes
                0x00000000       0x33 Alarm_Handling.o
 .ARM.attributes
                0x00000033       0x33 driver.o
 .ARM.attributes
                0x00000066       0x33 main.o
 .ARM.attributes
                0x00000099       0x33 Pressure_Alarm_Driver.o
 .ARM.attributes
                0x000000cc       0x33 Pressure_Detection.o
 .ARM.attributes
                0x000000ff       0x33 Pressure_Sensor_Driver.o
 .ARM.attributes
                0x00000132       0x33 startup.o

.debug_frame    0x00000000      0x1f4
 .debug_frame   0x00000000       0x2c Alarm_Handling.o
 .debug_frame   0x0000002c       0x78 driver.o
 .debug_frame   0x000000a4       0x2c main.o
 .debug_frame   0x000000d0       0x64 Pressure_Alarm_Driver.o
 .debug_frame   0x00000134       0x2c Pressure_Detection.o
 .debug_frame   0x00000160       0x48 Pressure_Sensor_Driver.o
 .debug_frame   0x000001a8       0x4c startup.o
