
Memory Configuration

Name             Origin             Length             Attributes
flash            0x08000000         0x00020000         xr
sram             0x20000000         0x00005000         xrw
*default*        0x00000000         0xffffffff

Linker script and memory map


.text           0x08000000      0x238
 *(.vectors*)
 .vectors       0x08000000       0x50 startup.o
 *(.text*)
 .text          0x08000050       0x2c Alarm_Handling.o
                0x08000050                alarm_handling_func
 .text          0x0800007c      0x10c driver.o
                0x0800007c                Delay
                0x080000a0                getPressureVal
                0x080000b8                Set_Alarm_actuator
                0x08000108                GPIO_INITIALIZATION
 .text          0x08000188       0x10 main.o
                0x08000188                main
 .text          0x08000198       0x20 Pressure_Alarm_Driver.o
                0x08000198                AlarmON
                0x080001a8                AlarmOFF
 .text          0x080001b8       0x44 Pressure_Detection.o
                0x080001b8                current_PressureVal
 .text          0x080001fc       0x34 Pressure_Sensor_Driver.o
                0x080001fc                init
                0x08000208                sensor_reading
                0x0800021c                waiting_next_value
 .text          0x08000230        0x8 startup.o
 *(.rodata)

.glue_7         0x08000238        0x0
 .glue_7        0x00000000        0x0 linker stubs

.glue_7t        0x08000238        0x0
 .glue_7t       0x00000000        0x0 linker stubs

.vfp11_veneer   0x08000238        0x0
 .vfp11_veneer  0x00000000        0x0 linker stubs

.v4_bx          0x08000238        0x0
 .v4_bx         0x00000000        0x0 linker stubs

.iplt           0x08000238        0x0
 .iplt          0x00000000        0x0 Alarm_Handling.o

.rel.dyn        0x08000238        0x0
 .rel.iplt      0x00000000        0x0 Alarm_Handling.o

.data           0x08000238        0x0
 *(.data)
 .data          0x08000238        0x0 Alarm_Handling.o
 .data          0x08000238        0x0 driver.o
 .data          0x08000238        0x0 main.o
 .data          0x08000238        0x0 Pressure_Alarm_Driver.o
 .data          0x08000238        0x0 Pressure_Detection.o
 .data          0x08000238        0x0 Pressure_Sensor_Driver.o
 .data          0x08000238        0x0 startup.o

.igot.plt       0x08000238        0x0
 .igot.plt      0x00000000        0x0 Alarm_Handling.o

.bss            0x20000000        0x8
 *(.bss)
 .bss           0x20000000        0x0 Alarm_Handling.o
 .bss           0x20000000        0x0 driver.o
 .bss           0x20000000        0x0 main.o
 .bss           0x20000000        0x0 Pressure_Alarm_Driver.o
 .bss           0x20000000        0x8 Pressure_Detection.o
                0x20000000                HighPressureDetected
                0x20000004                PressureVal
 .bss           0x20000008        0x0 Pressure_Sensor_Driver.o
 .bss           0x20000008        0x0 startup.o
LOAD Alarm_Handling.o
LOAD driver.o
LOAD main.o
LOAD Pressure_Alarm_Driver.o
LOAD Pressure_Detection.o
LOAD Pressure_Sensor_Driver.o
LOAD startup.o
OUTPUT(Proj_1_Final_cortexM3.elf elf32-littlearm)

.debug_info     0x00000000      0x4cc
 .debug_info    0x00000000       0x9c Alarm_Handling.o
 .debug_info    0x0000009c      0x103 driver.o
 .debug_info    0x0000019f       0x93 main.o
 .debug_info    0x00000232       0xa4 Pressure_Alarm_Driver.o
 .debug_info    0x000002d6       0xb3 Pressure_Detection.o
 .debug_info    0x00000389       0xcc Pressure_Sensor_Driver.o
 .debug_info    0x00000455       0x77 startup.o

.debug_abbrev   0x00000000      0x23c
 .debug_abbrev  0x00000000       0x51 Alarm_Handling.o
 .debug_abbrev  0x00000051       0x9d driver.o
 .debug_abbrev  0x000000ee       0x42 main.o
 .debug_abbrev  0x00000130       0x40 Pressure_Alarm_Driver.o
 .debug_abbrev  0x00000170       0x51 Pressure_Detection.o
 .debug_abbrev  0x000001c1       0x67 Pressure_Sensor_Driver.o
 .debug_abbrev  0x00000228       0x14 startup.o

.debug_loc      0x00000000      0x234
 .debug_loc     0x00000000       0x2c Alarm_Handling.o
 .debug_loc     0x0000002c       0xc8 driver.o
 .debug_loc     0x000000f4       0x2c main.o
 .debug_loc     0x00000120       0x58 Pressure_Alarm_Driver.o
 .debug_loc     0x00000178       0x2c Pressure_Detection.o
 .debug_loc     0x000001a4       0x90 Pressure_Sensor_Driver.o

.debug_aranges  0x00000000       0xe0
 .debug_aranges
                0x00000000       0x20 Alarm_Handling.o
 .debug_aranges
                0x00000020       0x20 driver.o
 .debug_aranges
                0x00000040       0x20 main.o
 .debug_aranges
                0x00000060       0x20 Pressure_Alarm_Driver.o
 .debug_aranges
                0x00000080       0x20 Pressure_Detection.o
 .debug_aranges
                0x000000a0       0x20 Pressure_Sensor_Driver.o
 .debug_aranges
                0x000000c0       0x20 startup.o

.debug_line     0x00000000      0x24f
 .debug_line    0x00000000       0x5c Alarm_Handling.o
 .debug_line    0x0000005c       0x99 driver.o
 .debug_line    0x000000f5       0x3f main.o
 .debug_line    0x00000134       0x4a Pressure_Alarm_Driver.o
 .debug_line    0x0000017e       0x47 Pressure_Detection.o
 .debug_line    0x000001c5       0x4f Pressure_Sensor_Driver.o
 .debug_line    0x00000214       0x3b startup.o

.debug_str      0x00000000      0x1d7
 .debug_str     0x00000000       0xe4 Alarm_Handling.o
                                0x11d (size before relaxing)
 .debug_str     0x000000e4       0x55 driver.o
                                0x138 (size before relaxing)
 .debug_str     0x00000139        0xc main.o
                                 0xef (size before relaxing)
 .debug_str     0x00000145       0x29 Pressure_Alarm_Driver.o
                                0x10c (size before relaxing)
 .debug_str     0x0000016e       0x29 Pressure_Detection.o
                                0x12d (size before relaxing)
 .debug_str     0x00000197       0x40 Pressure_Sensor_Driver.o
                                0x12f (size before relaxing)

.comment        0x00000000       0x11
 .comment       0x00000000       0x11 Alarm_Handling.o
                                 0x12 (size before relaxing)
 .comment       0x00000000       0x12 driver.o
 .comment       0x00000000       0x12 main.o
 .comment       0x00000000       0x12 Pressure_Alarm_Driver.o
 .comment       0x00000000       0x12 Pressure_Detection.o
 .comment       0x00000000       0x12 Pressure_Sensor_Driver.o

.ARM.attributes
                0x00000000       0x31
 .ARM.attributes
                0x00000000       0x33 Alarm_Handling.o
 .ARM.attributes
                0x00000033       0x33 driver.o
 .ARM.attributes
                0x00000066       0x33 main.o
 .ARM.attributes
                0x00000099       0x33 Pressure_Alarm_Driver.o
 .ARM.attributes
                0x000000cc       0x33 Pressure_Detection.o
 .ARM.attributes
                0x000000ff       0x33 Pressure_Sensor_Driver.o
 .ARM.attributes
                0x00000132       0x21 startup.o

.debug_frame    0x00000000      0x1ac
 .debug_frame   0x00000000       0x2c Alarm_Handling.o
 .debug_frame   0x0000002c       0x78 driver.o
 .debug_frame   0x000000a4       0x2c main.o
 .debug_frame   0x000000d0       0x48 Pressure_Alarm_Driver.o
 .debug_frame   0x00000118       0x2c Pressure_Detection.o
 .debug_frame   0x00000144       0x68 Pressure_Sensor_Driver.o
